// Jest Snapshot v1, https://goo.gl/fbAQLP

exports[`list renders correctly 1`] = `null`;

exports[`userList renders correctly 1`] = `null`;
